2026-09-12 02:27:37,427 - INFO - Conexión a la base de datos establecida correctamente.
2026-09-12 02:27:37,470 - INFO - Archivo data/departments.csv leído exitosamente.
2026-09-12 02:27:37,479 - INFO - Archivo data/categories.csv leído exitosamente.
2026-09-12 02:27:37,584 - INFO - Archivo data/customers.csv leído exitosamente.
2026-09-12 02:27:37,608 - INFO - Archivo data/products.csv leído exitosamente.
2026-09-12 02:27:37,713 - INFO - Archivo data/orders.csv leído exitosamente.
2026-09-12 02:27:37,875 - INFO - Archivo data/order_items.csv leído exitosamente.
2026-09-12 02:27:37,894 - INFO - Recalculando order_item_subtotal.
2026-09-12 02:27:37,935 - ERROR - Error al cargar datos en la tabla departments: (mysql.connector.errors.DatabaseError) 2003 (HY000): Can't connect to MySQL server on 'localhost:331099' (111)
(Background on this error at: https://sqlalche.me/e/20/4xp6)
2026-09-12 02:28:23,025 - INFO - Conexión a la base de datos establecida correctamente.
2026-09-12 02:28:23,026 - ERROR - Error al leer el archivo data/departments_33.csv: [Errno 2] No such file or directory: 'data/departments_33.csv'
2026-09-12 02:29:44,183 - INFO - Conexión a la base de datos establecida correctamente.
2026-09-12 02:29:44,188 - INFO - Archivo data/departments.csv leído exitosamente.
2026-09-12 02:29:44,191 - INFO - Archivo data/categories.csv leído exitosamente.
2026-09-12 02:29:44,214 - INFO - Archivo data/customers.csv leído exitosamente.
2026-09-12 02:29:44,226 - INFO - Archivo data/products.csv leído exitosamente.
2026-09-12 02:29:44,272 - INFO - Archivo data/orders.csv leído exitosamente.
2026-09-12 02:29:44,367 - INFO - Archivo data/order_items.csv leído exitosamente.
2026-09-12 02:29:44,391 - INFO - Recalculando order_item_subtotal.
2026-09-12 02:29:44,525 - INFO - Datos cargados exitosamente en la tabla departments.
2026-09-12 02:29:44,539 - INFO - Datos cargados exitosamente en la tabla categories.
2026-09-12 02:29:46,127 - INFO - Datos cargados exitosamente en la tabla customers.
2026-09-12 02:29:46,226 - INFO - Datos cargados exitosamente en la tabla products.
2026-09-12 02:29:49,357 - INFO - Datos cargados exitosamente en la tabla orders.
2026-09-12 02:29:57,374 - INFO - Datos cargados exitosamente en la tabla order_items.
2026-09-12 02:29:57,374 - INFO - Pipeline de datos ejecutado exitosamente.
